---
source: tests/install.rs
expression: output
---
+------+---------+-----------+-----------------------------------------------------------------------------------+
| name | enabled | installed | source                                                                            |
+------+---------+-----------+-----------------------------------------------------------------------------------+
| toml | false   | true      | https://raw.githubusercontent.com/saulpw/visidata/v3.1.1/visidata/loaders/toml.py |
+------+---------+-----------+-----------------------------------------------------------------------------------+
