---
source: tests/list.rs
expression: output
---
+------+---------+-----------+------------------------------------------------------------------------+
| name | enabled | installed | source                                                                 |
+------+---------+-----------+------------------------------------------------------------------------+
| toml | false   | true      | http://127.0.0.1:XXXXX/saulpw/visidata/v3.1.1/visidata/loaders/toml.py |
+------+---------+-----------+------------------------------------------------------------------------+
| yaml | true    | true      | http://127.0.0.1:XXXXX/saulpw/visidata/v3.1.1/visidata/loaders/yaml.py |
+------+---------+-----------+------------------------------------------------------------------------+
